../Core/Src/ili9341.c:5:13:ILI9341_Select	0	static
../Core/Src/ili9341.c:19:13:ILI9341_WriteCommand	16	static
../Core/Src/ili9341.c:24:13:ILI9341_WriteData	24	static
../Core/Src/ili9341.c:36:13:ILI9341_SetAddressWindow	32	static
../Core/Src/ili9341.c:9:6:ILI9341_Unselect	0	static
../Core/Src/ili9341.c:268:6:ILI9341_FillRectangle.part.0	32	static
../Core/Src/ili9341.c:55:6:ILI9341_Init	32	static
../Core/Src/ili9341.c:210:6:ILI9341_DrawPixel	24	static
../Core/Src/ili9341.c:242:6:ILI9341_WriteString	64	static
../Core/Src/ili9341.c:268:6:ILI9341_FillRectangle	8	static
../Core/Src/ili9341.c:288:6:ILI9341_FillScreen	16	static
../Core/Src/ili9341.c:292:6:ILI9341_DrawImage	24	static
../Core/Src/ili9341.c:303:6:ILI9341_InvertColors	8	static
